Not Found: /ws/notifications/
"GET /ws/notifications/ HTTP/1.1" 404 30161
Not Found: /ws/notifications/
"GET /ws/notifications/ HTTP/1.1" 404 30161
Not Found: /ws/notifications/
"GET /ws/notifications/ HTTP/1.1" 404 30161
Not Found: /ws/notifications/
"GET /ws/notifications/ HTTP/1.1" 404 30161
Not Found: /ws/notifications/
"GET /ws/notifications/ HTTP/1.1" 404 30161
Not Found: /ws/notifications/
"GET /ws/notifications/ HTTP/1.1" 404 30161
Not Found: /ws/notifications/
"GET /ws/notifications/ HTTP/1.1" 404 30161
Not Found: /ws/notifications/
"GET /ws/notifications/ HTTP/1.1" 404 30161
Not Found: /favicon.ico
"GET /favicon.ico HTTP/1.1" 404 30143
Not Found: /ws/notifications/
"GET /ws/notifications/ HTTP/1.1" 404 30161
Not Found: /ws/notifications/
"GET /ws/notifications/ HTTP/1.1" 404 30161
Not Found: /ws/notifications/
"GET /ws/notifications/ HTTP/1.1" 404 30161
Not Found: /ws/notifications/
"GET /ws/notifications/ HTTP/1.1" 404 30161
Not Found: /ws/notifications/
"GET /ws/notifications/ HTTP/1.1" 404 30161
Not Found: /ws/notifications/
"GET /ws/notifications/ HTTP/1.1" 404 30161
Not Found: /ws/notifications/
"GET /ws/notifications/ HTTP/1.1" 404 30161
Not Found: /ws/notifications/
"GET /ws/notifications/ HTTP/1.1" 404 30161
Not Found: /ws/notifications/
"GET /ws/notifications/ HTTP/1.1" 404 30161
Not Found: /ws/notifications/
"GET /ws/notifications/ HTTP/1.1" 404 30161
Not Found: /ws/notifications/
"GET /ws/notifications/ HTTP/1.1" 404 30161
Not Found: /ws/notifications/
"GET /ws/notifications/ HTTP/1.1" 404 30161
Not Found: /ws/notifications/
"GET /ws/notifications/ HTTP/1.1" 404 30161
Not Found: /ws/notifications/
"GET /ws/notifications/ HTTP/1.1" 404 30161
Not Found: /ws/notifications/
"GET /ws/notifications/ HTTP/1.1" 404 30161
Not Found: /ws/notifications/
"GET /ws/notifications/ HTTP/1.1" 404 30161
Not Found: /ws/notifications/
"GET /ws/notifications/ HTTP/1.1" 404 30161
Not Found: /ws/notifications/
"GET /ws/notifications/ HTTP/1.1" 404 30161
Not Found: /ws/notifications/
"GET /ws/notifications/ HTTP/1.1" 404 30161
Not Found: /ws/notifications/
"GET /ws/notifications/ HTTP/1.1" 404 30161
Internal Server Error: /lab/tests/
Traceback (most recent call last):
  File "C:\Users\User\Desktop\SUAVEDEF\IT\EMR\myenv\Lib\site-packages\django\template\base.py", line 510, in parse
    compile_func = self.tags[command]
                   ~~~~~~~~~^^^^^^^^^
KeyError: 'endfor'

During handling of the above exception, another exception occurred:

Traceback (most recent call last):
  File "C:\Users\User\Desktop\SUAVEDEF\IT\EMR\myenv\Lib\site-packages\django\core\handlers\exception.py", line 55, in inner
    response = get_response(request)
  File "C:\Users\User\Desktop\SUAVEDEF\IT\EMR\myenv\Lib\site-packages\django\core\handlers\base.py", line 197, in _get_response
    response = wrapped_callback(request, *callback_args, **callback_kwargs)
  File "C:\Users\User\Desktop\SUAVEDEF\IT\EMR\myenv\Lib\site-packages\django\contrib\auth\decorators.py", line 59, in _view_wrapper
    return view_func(request, *args, **kwargs)
  File "C:\Users\User\Desktop\SUAVEDEF\IT\EMR\core\decorators.py", line 23, in _wrapped_view
    return view_func(request, *args, **kwargs)
  File "C:\Users\User\Desktop\SUAVEDEF\IT\EMR\DurielMedicApp\decorators.py", line 13, in _wrapped_view
    return view_func(request, *args, **kwargs)
  File "C:\Users\User\Desktop\SUAVEDEF\IT\EMR\core\views.py", line 4078, in lab_test_list
    return render(request, 'lab/lab_test_list.html', {
        'tests': tests,
        'categories': categories,
        'uncategorized_tests': uncategorized_tests,
    })
  File "C:\Users\User\Desktop\SUAVEDEF\IT\EMR\myenv\Lib\site-packages\django\shortcuts.py", line 25, in render
    content = loader.render_to_string(template_name, context, request, using=using)
  File "C:\Users\User\Desktop\SUAVEDEF\IT\EMR\myenv\Lib\site-packages\django\template\loader.py", line 61, in render_to_string
    template = get_template(template_name, using=using)
  File "C:\Users\User\Desktop\SUAVEDEF\IT\EMR\myenv\Lib\site-packages\django\template\loader.py", line 15, in get_template
    return engine.get_template(template_name)
           ~~~~~~~~~~~~~~~~~~~^^^^^^^^^^^^^^^
  File "C:\Users\User\Desktop\SUAVEDEF\IT\EMR\myenv\Lib\site-packages\django\template\backends\django.py", line 79, in get_template
    return Template(self.engine.get_template(template_name), self)
                    ~~~~~~~~~~~~~~~~~~~~~~~~^^^^^^^^^^^^^^^
  File "C:\Users\User\Desktop\SUAVEDEF\IT\EMR\myenv\Lib\site-packages\django\template\engine.py", line 177, in get_template
    template, origin = self.find_template(template_name)
                       ~~~~~~~~~~~~~~~~~~^^^^^^^^^^^^^^^
  File "C:\Users\User\Desktop\SUAVEDEF\IT\EMR\myenv\Lib\site-packages\django\template\engine.py", line 159, in find_template
    template = loader.get_template(name, skip=skip)
  File "C:\Users\User\Desktop\SUAVEDEF\IT\EMR\myenv\Lib\site-packages\django\template\loaders\cached.py", line 57, in get_template
    template = super().get_template(template_name, skip)
  File "C:\Users\User\Desktop\SUAVEDEF\IT\EMR\myenv\Lib\site-packages\django\template\loaders\base.py", line 28, in get_template
    return Template(
        contents,
    ...<2 lines>...
        self.engine,
    )
  File "C:\Users\User\Desktop\SUAVEDEF\IT\EMR\myenv\Lib\site-packages\django\template\base.py", line 154, in __init__
    self.nodelist = self.compile_nodelist()
                    ~~~~~~~~~~~~~~~~~~~~~^^
  File "C:\Users\User\Desktop\SUAVEDEF\IT\EMR\myenv\Lib\site-packages\django\template\base.py", line 196, in compile_nodelist
    nodelist = parser.parse()
  File "C:\Users\User\Desktop\SUAVEDEF\IT\EMR\myenv\Lib\site-packages\django\template\base.py", line 518, in parse
    raise self.error(token, e)
  File "C:\Users\User\Desktop\SUAVEDEF\IT\EMR\myenv\Lib\site-packages\django\template\base.py", line 516, in parse
    compiled_result = compile_func(self, token)
  File "C:\Users\User\Desktop\SUAVEDEF\IT\EMR\myenv\Lib\site-packages\django\template\loader_tags.py", line 299, in do_extends
    nodelist = parser.parse()
  File "C:\Users\User\Desktop\SUAVEDEF\IT\EMR\myenv\Lib\site-packages\django\template\base.py", line 518, in parse
    raise self.error(token, e)
  File "C:\Users\User\Desktop\SUAVEDEF\IT\EMR\myenv\Lib\site-packages\django\template\base.py", line 516, in parse
    compiled_result = compile_func(self, token)
  File "C:\Users\User\Desktop\SUAVEDEF\IT\EMR\myenv\Lib\site-packages\django\template\loader_tags.py", line 234, in do_block
    nodelist = parser.parse(("endblock",))
  File "C:\Users\User\Desktop\SUAVEDEF\IT\EMR\myenv\Lib\site-packages\django\template\base.py", line 518, in parse
    raise self.error(token, e)
  File "C:\Users\User\Desktop\SUAVEDEF\IT\EMR\myenv\Lib\site-packages\django\template\base.py", line 516, in parse
    compiled_result = compile_func(self, token)
  File "C:\Users\User\Desktop\SUAVEDEF\IT\EMR\myenv\Lib\site-packages\django\template\defaulttags.py", line 962, in do_if
    nodelist = parser.parse(("elif", "else", "endif"))
  File "C:\Users\User\Desktop\SUAVEDEF\IT\EMR\myenv\Lib\site-packages\django\template\base.py", line 512, in parse
    self.invalid_block_tag(token, command, parse_until)
    ~~~~~~~~~~~~~~~~~~~~~~^^^^^^^^^^^^^^^^^^^^^^^^^^^^^
  File "C:\Users\User\Desktop\SUAVEDEF\IT\EMR\myenv\Lib\site-packages\django\template\base.py", line 567, in invalid_block_tag
    raise self.error(
    ...<8 lines>...
    )
django.template.exceptions.TemplateSyntaxError: Invalid block tag on line 130: 'endfor', expected 'elif', 'else' or 'endif'. Did you forget to register or load this tag?
"GET /lab/tests/ HTTP/1.1" 500 234761
Not Found: /ws/notifications/
"GET /ws/notifications/ HTTP/1.1" 404 30161
Not Found: /ws/notifications/
"GET /ws/notifications/ HTTP/1.1" 404 30161
Not Found: /ws/notifications/
"GET /ws/notifications/ HTTP/1.1" 404 30161
Not Found: /ws/notifications/
"GET /ws/notifications/ HTTP/1.1" 404 30161
Not Found: /ws/notifications/
"GET /ws/notifications/ HTTP/1.1" 404 30161
Not Found: /ws/notifications/
"GET /ws/notifications/ HTTP/1.1" 404 30161
Not Found: /ws/notifications/
"GET /ws/notifications/ HTTP/1.1" 404 30161
Not Found: /ws/notifications/
"GET /ws/notifications/ HTTP/1.1" 404 30161
Not Found: /ws/notifications/
"GET /ws/notifications/ HTTP/1.1" 404 30161
Not Found: /ws/notifications/
"GET /ws/notifications/ HTTP/1.1" 404 30161
Not Found: /ws/notifications/
"GET /ws/notifications/ HTTP/1.1" 404 30161
Not Found: /ws/notifications/
"GET /ws/notifications/ HTTP/1.1" 404 30161
Not Found: /ws/notifications/
"GET /ws/notifications/ HTTP/1.1" 404 30161
Not Found: /ws/notifications/
"GET /ws/notifications/ HTTP/1.1" 404 30161
Not Found: /ws/notifications/
"GET /ws/notifications/ HTTP/1.1" 404 30161
Not Found: /ws/notifications/
"GET /ws/notifications/ HTTP/1.1" 404 30161
Not Found: /ws/notifications/
"GET /ws/notifications/ HTTP/1.1" 404 30161
Not Found: /ws/notifications/
"GET /ws/notifications/ HTTP/1.1" 404 30161
Not Found: /ws/notifications/
"GET /ws/notifications/ HTTP/1.1" 404 30161
Not Found: /ws/notifications/
"GET /ws/notifications/ HTTP/1.1" 404 30161
Not Found: /ws/notifications/
"GET /ws/notifications/ HTTP/1.1" 404 30161
Not Found: /ws/notifications/
"GET /ws/notifications/ HTTP/1.1" 404 30161
Not Found: /ws/notifications/
"GET /ws/notifications/ HTTP/1.1" 404 30161
Not Found: /ws/notifications/
"GET /ws/notifications/ HTTP/1.1" 404 30161
Not Found: /ws/notifications/
"GET /ws/notifications/ HTTP/1.1" 404 30161
Not Found: /ws/notifications/
"GET /ws/notifications/ HTTP/1.1" 404 30161
Not Found: /ws/notifications/
"GET /ws/notifications/ HTTP/1.1" 404 30161
Not Found: /ws/notifications/
"GET /ws/notifications/ HTTP/1.1" 404 30161
Not Found: /ws/notifications/
"GET /ws/notifications/ HTTP/1.1" 404 30161
Not Found: /ws/notifications/
"GET /ws/notifications/ HTTP/1.1" 404 30161
Not Found: /ws/notifications/
"GET /ws/notifications/ HTTP/1.1" 404 30161
Not Found: /ws/notifications/
"GET /ws/notifications/ HTTP/1.1" 404 30161
Not Found: /ws/notifications/
"GET /ws/notifications/ HTTP/1.1" 404 30161
Not Found: /ws/notifications/
"GET /ws/notifications/ HTTP/1.1" 404 30161
Not Found: /ws/notifications/
"GET /ws/notifications/ HTTP/1.1" 404 30161
Not Found: /ws/notifications/
"GET /ws/notifications/ HTTP/1.1" 404 30161
Not Found: /ws/notifications/
"GET /ws/notifications/ HTTP/1.1" 404 30161
Not Found: /ws/notifications/
"GET /ws/notifications/ HTTP/1.1" 404 30161
Not Found: /ws/notifications/
"GET /ws/notifications/ HTTP/1.1" 404 30161
Not Found: /ws/notifications/
"GET /ws/notifications/ HTTP/1.1" 404 30161
Not Found: /ws/notifications/
"GET /ws/notifications/ HTTP/1.1" 404 30161
Not Found: /ws/notifications/
"GET /ws/notifications/ HTTP/1.1" 404 30161
Not Found: /ws/notifications/
"GET /ws/notifications/ HTTP/1.1" 404 30161
Not Found: /ws/notifications/
"GET /ws/notifications/ HTTP/1.1" 404 30161
Not Found: /ws/notifications/
"GET /ws/notifications/ HTTP/1.1" 404 30161
Not Found: /ws/notifications/
"GET /ws/notifications/ HTTP/1.1" 404 30161
Not Found: /ws/notifications/
"GET /ws/notifications/ HTTP/1.1" 404 30161
Not Found: /ws/notifications/
"GET /ws/notifications/ HTTP/1.1" 404 30161
Not Found: /ws/notifications/
"GET /ws/notifications/ HTTP/1.1" 404 30161
Not Found: /ws/notifications/
"GET /ws/notifications/ HTTP/1.1" 404 30161
Not Found: /ws/notifications/
"GET /ws/notifications/ HTTP/1.1" 404 30161
Not Found: /ws/notifications/
"GET /ws/notifications/ HTTP/1.1" 404 30161
